// Jest Snapshot v1, https://goo.gl/fbAQLP

exports[`render correctly message component 1`] = `
<p>
  Loading...
</p>
`;
